// Jest Snapshot v1, https://goo.gl/fbAQLP

exports[`generator - OpenAPI Client Spring: microservice petstore custom endpoint  should match files snapshot 1`] = `
{
  ".openapi-generator-ignore": {
    "contents": "pom.xml
README.md
package.json
",
    "stateCleared": "modified",
  },
  "package.json": {
    "contents": "{
  "scripts": {
    "openapi-client:petstore": "openapi-generator-cli generate -g spring -i petstore-openapi-3.yml -p library=spring-cloud -p apiPackage=com.mycompany.myapp.client.petstore.api -p modelPackage=com.mycompany.myapp.client.petstore.model -p basePackage=com.mycompany.myapp.client -p configPackage=com.mycompany.myapp.client.petstore -p title=petstore -p artifactId=petstore -p supportingFiles=ApiKeyRequestInterceptor.java --skip-validate-spec"
  },
  "dependencies": {
    "@openapitools/openapi-generator-cli": "2.5.1"
  }
}
",
    "stateCleared": "modified",
  },
}
`;

exports[`generator - OpenAPI Client Spring: microservice petstore regenerate  should match files snapshot 1`] = `
{
  ".openapi-generator-ignore": {
    "contents": "pom.xml
README.md
package.json
",
    "stateCleared": "modified",
  },
  "package.json": {
    "contents": "{
  "scripts": {
    "openapi-client:petstore": "openapi-generator-cli generate -g spring -i petstore-openapi-3.yml -p library=spring-cloud -p apiPackage=com.mycompany.myapp.client.petstore.api -p modelPackage=com.mycompany.myapp.client.petstore.model -p basePackage=com.mycompany.myapp.client -p configPackage=com.mycompany.myapp.client.petstore -p title=petstore -p artifactId=petstore -p supportingFiles=ApiKeyRequestInterceptor.java --skip-validate-spec"
  },
  "dependencies": {
    "@openapitools/openapi-generator-cli": "2.5.1"
  }
}
",
    "stateCleared": "modified",
  },
}
`;
